{"props": {"children": [{"props": {"children": "wow!"}, "type": "P", "namespace": "dash_html_components"}, {"props": {"children": "this works"}, "type": "Span", "namespace": "dash_html_components"}], "id": "test-id"}, "type": "Div", "namespace": "dash_html_components"}